[BEGIN GLOBALS]
main
[END GLOBALS]
[BEGIN main LOCALS]
a (local var of 8 bytes)
b (local var of 8 bytes)
[END main LOCALS]
main:       enter main
            [a] := 10
            [b] := 1
            IFZ [b] GOTO lbl_1
            [a] := 0
            [b] := 0
lbl_1:      nop
            [a] := 2
            IFZ [b] GOTO lbl_2
            [a] := 0
            [b] := 0
            goto lbl_3
lbl_2:      nop
            [a] := 2
            [b] := 1
lbl_3:      nop
            setret [a]
            goto lbl_0
lbl_0:      leave main
