a : perfect int;
b : perfect bool;
c : perfect void;
