main : () void  {
    if (1){
        a : int = 0;
    } else {
        perish : bool;
    }
}
