FATAL [7,12]-[7,13]: Relational operator applied to non-numeric operand
FATAL [8,7]-[8,8]: Relational operator applied to non-numeric operand
FATAL [8,12]-[8,13]: Relational operator applied to non-numeric operand
FATAL [9,7]-[9,13]: Relational operator applied to non-numeric operand
FATAL [9,16]-[9,21]: Relational operator applied to non-numeric operand
FATAL [10,13]-[10,18]: Relational operator applied to non-numeric operand
Type Analysis Failed
