FATAL [8,8]-[8,9]: Attempt to output a class
FATAL [9,8]-[9,9]: Attempt to output a function
Type Analysis Failed
