main : () void  {
    if (1){
        a : int = 0;
    }
    if (4){
    }
}
