FATAL [4,3]-[4,4]: Multiply declared identifier
Name Analysis Failed