FATAL [2,10]-[2,11]: Undeclared identifier
Name Analysis Failed