global1 : int;
global2 : int;
global3 : classval;
