main : () void  {
    while (1){
        a : int = 0;
    }
    while (4){
    }
}
